// Jest Snapshot v1, https://goo.gl/fbAQLP

exports[`matches snapshot 1`] = `
<DocumentFragment>
  <div>
    <button>
      Remove
    </button>
  </div>
</DocumentFragment>
`;
